// Jest Snapshot v1, https://jestjs.io/docs/snapshot-testing

exports[`provider list command lists both local and prebuilt providers with tabular output 1`] = `
"┌───────────────┬──────────────────┬───────┬─────────┬────────────┬──────────────────────────────────┬─────────────────┐
│ Provider Name │ Provider Version │ CDKTF │ CDKTN   │ Constraint │ Package Name                     │ Package Version │
├───────────────┼──────────────────┼───────┼─────────┼────────────┼──────────────────────────────────┼─────────────────┤
│ local         │ 2.2.3            │       │         │ =2.2.3     │                                  │                 │
├───────────────┼──────────────────┼───────┼─────────┼────────────┼──────────────────────────────────┼─────────────────┤
│ dns           │ 3.6.0            │       │ ^0.23.0 │            │ io.cdktn.cdktn-provider-dns      │ 12.1.0          │
└───────────────┴──────────────────┴───────┴─────────┴────────────┴──────────────────────────────────┴─────────────────┘
"
`;
