// Jest Snapshot v1, https://jestjs.io/docs/snapshot-testing

exports[`provider list command lists both local and prebuilt providers with tabular output 1`] = `
"─────────┬──────────┬─────┬───────────┬─────────────────────────────┬──────────┐
─────     ───────    ───   ──  ────    ────────────────────          ───────
 Provider│ Provider │ CDKT│     Constr│ Package Name                │ Package  │
Name      Version          CDKTint                                   Version

─────────┼──────────┼─────┼───────────┼─────────────────────────────┼──────────┤
─────     ───────    ───   ──  ────    ────────────────────          ───────
 local   │ 2.2.3    │     │     =2.2.3│                             │          │

─────────┼──────────┼─────┼───────────┼─────────────────────────────┼──────────┤
─────     ───────    ───   ──  ────    ────────────────────          ───────
 random  │ 3.4.3    │ ^0.1│           │ github.com/cdktf/cdktf-provi│ 3.0.11   │
                     .0                er-random-go/random
─────────┴──────────┴─────┴───────────┴─────────────────────────────┴──────────┘
─────     ───────    ───   ──  ────    ────────────────────          ───────
"
`;
