// Jest Snapshot v1, https://jestjs.io/docs/snapshot-testing

exports[`provider list command lists both local and prebuilt providers with tabular output 1`] = `
"────────────────────────┬──────┬────┬────────┬────────────────────┬────────────┐
───        ────          ──     ──   ───      ────────             ────
 Provider   Provider    │ CDKTF│    │ Constra│ Package Name       │ Package    │
Name       Version              CDKTNnt                            Version

────────────────────────┼──────┼────┼────────┼────────────────────┼────────────┤
───        ────          ──     ──   ───      ────────             ────
 local      2.2.3       │      │    │ =2.2.3 │                    │            │

────────────────────────┼──────┼────┼────────┼────────────────────┼────────────┤
───        ────          ──     ──   ───      ────────             ────
 random     3.2.0       │      │    │        │ cdktf-cdktf-provide│ 0.2.64     │
                         ^0.10.3              -random

────────────────────────┴──────┴────┴────────┴────────────────────┴────────────┘
───        ────          ──     ──   ───      ────────             ────
"
`;
