// Jest Snapshot v1, https://jestjs.io/docs/snapshot-testing

exports[`provider list command lists both local and prebuilt providers with tabular output 1`] = `
"┌───────────────┬──────────────────┬───────┬─────────┬────────────┬──────────────────────┬─────────────────┐
│ Provider Name │ Provider Version │ CDKTF │ CDKTN   │ Constraint │ Package Name         │ Package Version │
├───────────────┼──────────────────┼───────┼─────────┼────────────┼──────────────────────┼─────────────────┤
│ null          │ 3.2.4            │       │         │ =3.2.4     │                      │                 │
├───────────────┼──────────────────┼───────┼─────────┼────────────┼──────────────────────┼─────────────────┤
│ local         │ 2.7.0            │       │ ^0.22.0 │            │ cdktn-provider-local │ 12.0.0          │
└───────────────┴──────────────────┴───────┴─────────┴────────────┴──────────────────────┴─────────────────┘
"
`;
