// Jest Snapshot v1, https://jestjs.io/docs/snapshot-testing

exports[`provider list command lists both local and prebuilt providers with tabular output 1`] = `
"───────────┬─────────────┬─────┬───────┬────────┬────────────────┬─────────────┐
───         ────          ─     ─       ───      ─────            ───
 Provider  │ Provider    │ CDKT│ CDKTN │ Constra│ Package Name   │ Package     │
Name        Version                     nt                        Version
───────────┼─────────────┼─────┼───────┼────────┼────────────────┼─────────────┤
───         ────          ─     ─       ───      ─────            ───
 null      │ 3.2.4       │     │       │ =3.2.4 │                │             │

───────────┼─────────────┼─────┼───────┼────────┼────────────────┼─────────────┤
───         ────          ─     ─       ───      ─────            ───
 local     │ 2.7.0       │     │ ^0.22.│        │ cdktn-provider-│ 12.0.0      │
                                                 ocal

───────────┴─────────────┴─────┴───────┴────────┴────────────────┴─────────────┘
───         ────          ─     ─       ───      ─────            ───
"
`;
