// Jest Snapshot v1, https://jestjs.io/docs/snapshot-testing

exports[`provider list command lists both local and prebuilt providers with tabular output 1`] = `
"──────────┬────────────┬───────────┬───────────────────────────────┬───────────┐
─────      ──────       ───   ─     ────    ──────────              ─────
 Provider │ Provider   │ CDKTF CDKT│ Constra Package Name          │ Package   │
Name       Version                  int                             Version

──────────┼────────────┼───────────┼───────────────────────────────┼───────────┤
─────      ──────       ───   ─     ────    ──────────              ─────
 null     │ 3.2.4      │           │ ~>                            │           │
                                    3.2.0
──────────┼────────────┼───────────┼───────────────────────────────┼───────────┤
─────      ──────       ───   ─     ────    ──────────              ─────
 local    │ 2.2.3      │           │ =2.2.3                        │           │

──────────┼────────────┼───────────┼───────────────────────────────┼───────────┤
─────      ──────       ───   ─     ────    ──────────              ─────
 random   │ 3.4.3      │ ^0.13     │         HashiCorp.Cdktf.Provid│ 3.0.11    │
                        .0                  rs.Random
──────────┴────────────┴───────────┴───────────────────────────────┴───────────┘
─────      ──────       ───   ─     ────    ──────────              ─────
"
`;
